nBLOCK
  nCLASS(Any)
    nLIST
      nIDENTIFIER(#Any#: "deref")
    nBLOCK
  nCLASS(Character)
toString: <<
  nFUNCTION(#String#: _Character_toString)
    nLIST
    nLIST
    nBLOCK
>>
    nLIST
    nBLOCK
  nCLASS(Number)
    nLIST
    nBLOCK
  nCLASS(Boolean)
    nLIST
      nIDENTIFIER(#String#: "as_string")
    nBLOCK
  nENUM(Boolean)
    nBLOCK
      nIDENTIFIER(Unknown: "false")
      nIDENTIFIER(Unknown: "true")
  nCLASS(String)
println: <<
  nFUNCTION(#Any#: _String_println)
    nLIST
    nLIST
    nBLOCK
>>
    nLIST
      nIDENTIFIER(#Character#: "random_char")
    nBLOCK
  nFUNCTION(#Any#: allocate)
    nLIST
      nIDENTIFIER(#Number#: "size")
    nLIST
    nBLOCK
  nFUNCTION(#Boolean#: thisisafunction)
    nLIST
      nIDENTIFIER(#Any#: "arg1")
      nIDENTIFIER(#Any#: "arg2")
    nLIST
      nIDENTIFIER(#Any#: "vrbl1")
      nIDENTIFIER(#Number#: "vrbl2")
    nBLOCK
      nBINARYOP(Unknown: ASSIGN)
        nIDENTIFIER(Unknown: "arg1")
        nIDENTIFIER(Unknown: "vrbl1")
      nUNARYOP(Unknown: INCREMENT, right)
        nIDENTIFIER(Unknown: "vrbl2")
      nBINARYOP(Unknown: ADD)
        nIDENTIFIER(Unknown: "vrbl1")
        nNUMBER(#Number#: "1337")
      nBINARYOP(Unknown: DOT)
        nBINARYOP(Unknown: PAREN_OPEN)
          nBINARYOP(Unknown: DOT)
            nBINARYOP(Unknown: PAREN_OPEN)
              nBINARYOP(Unknown: DOT)
                nBINARYOP(Unknown: DOT)
                  nBINARYOP(Unknown: DOT)
                    nIDENTIFIER(Unknown: "true")
                    nIDENTIFIER(Unknown: "as_string")
                  nIDENTIFIER(Unknown: "random_char")
                nIDENTIFIER(Unknown: "toString")
              nCALL
            nIDENTIFIER(Unknown: "println")
          nCALL
            nNUMBER(#Number#: "77")
            nIDENTIFIER(Unknown: "vrbl2")
        nIDENTIFIER(Unknown: "deref")
      nLOOP
        nBLOCK
          nBINARYOP(Unknown: PAREN_OPEN)
            nBINARYOP(Unknown: DOT)
              nSTRING(#String#: "oopsy daisy")
              nIDENTIFIER(Unknown: "println")
            nCALL
              nNUMBER(#Number#: "1")
              nNUMBER(#Number#: "2")
      nRETURN
        nIDENTIFIER(Unknown: "true")
  nFUNCTION(#Any#: Any_new)
    nLIST
      nIDENTIFIER(#Any#: "deref")
    nLIST
      nIDENTIFIER(#Any#: "obj")
    nBLOCK
      nBINARYOP(Unknown: ASSIGN)
        nIDENTIFIER(#Any#: "obj")
        nBINARYOP(Unknown: PAREN_OPEN)
          nIDENTIFIER(#Any#: "allocate")
          nCALL
            nNUMBER(#Number#: "8")
      nBINARYOP(Unknown: ASSIGN)
        nBINARYOP(Unknown: DOT)
          nIDENTIFIER(#Any#: "obj")
          nIDENTIFIER(#Any#: "deref")
        nIDENTIFIER(#Any#: "deref")
      nRETURN
        nIDENTIFIER(#Any#: "obj")
  nFUNCTION(#Character#: Character_new)
    nLIST
    nLIST
      nIDENTIFIER(#Character#: "obj")
    nBLOCK
      nBINARYOP(Unknown: ASSIGN)
        nIDENTIFIER(#Character#: "obj")
        nBINARYOP(Unknown: PAREN_OPEN)
          nIDENTIFIER(#Character#: "allocate")
          nCALL
            nNUMBER(#Number#: "0")
      nRETURN
        nIDENTIFIER(#Character#: "obj")
  nFUNCTION(#Number#: Number_new)
    nLIST
    nLIST
      nIDENTIFIER(#Number#: "obj")
    nBLOCK
      nBINARYOP(Unknown: ASSIGN)
        nIDENTIFIER(#Number#: "obj")
        nBINARYOP(Unknown: PAREN_OPEN)
          nIDENTIFIER(#Number#: "allocate")
          nCALL
            nNUMBER(#Number#: "0")
      nRETURN
        nIDENTIFIER(#Number#: "obj")
  nFUNCTION(#Boolean#: Boolean_new)
    nLIST
      nIDENTIFIER(#String#: "as_string")
    nLIST
      nIDENTIFIER(#Boolean#: "obj")
    nBLOCK
      nBINARYOP(Unknown: ASSIGN)
        nIDENTIFIER(#Boolean#: "obj")
        nBINARYOP(Unknown: PAREN_OPEN)
          nIDENTIFIER(#Boolean#: "allocate")
          nCALL
            nNUMBER(#Number#: "8")
      nBINARYOP(Unknown: ASSIGN)
        nBINARYOP(Unknown: DOT)
          nIDENTIFIER(#Boolean#: "obj")
          nIDENTIFIER(#String#: "as_string")
        nIDENTIFIER(#String#: "as_string")
      nRETURN
        nIDENTIFIER(#Boolean#: "obj")
  nFUNCTION(#String#: String_new)
    nLIST
      nIDENTIFIER(#Character#: "random_char")
    nLIST
      nIDENTIFIER(#String#: "obj")
    nBLOCK
      nBINARYOP(Unknown: ASSIGN)
        nIDENTIFIER(#String#: "obj")
        nBINARYOP(Unknown: PAREN_OPEN)
          nIDENTIFIER(#String#: "allocate")
          nCALL
            nNUMBER(#Number#: "8")
      nBINARYOP(Unknown: ASSIGN)
        nBINARYOP(Unknown: DOT)
          nIDENTIFIER(#String#: "obj")
          nIDENTIFIER(#Character#: "random_char")
        nIDENTIFIER(#Character#: "random_char")
      nRETURN
        nIDENTIFIER(#String#: "obj")
  nFUNCTION(#String#: _Character_toString)
    nLIST
      nIDENTIFIER(#Character#: "this")
    nLIST
    nBLOCK
  nFUNCTION(#Any#: _String_println)
    nLIST
      nIDENTIFIER(#String#: "this")
      nIDENTIFIER(#Number#: "stream")
      nIDENTIFIER(#Number#: "ilikenumbers")
    nLIST
    nBLOCK
Any: <<
  nCLASS(Any)
    nLIST
    nBLOCK
>>
Character: <<
  nCLASS(Character)
toString: <<
  nFUNCTION(#String#: _Character_toString)
    nLIST
    nLIST
    nBLOCK
>>
    nLIST
    nBLOCK
>>
Number: <<
  nCLASS(Number)
    nLIST
    nBLOCK
>>
Boolean: <<
  nCLASS(Boolean)
    nLIST
    nBLOCK
>>
String: <<
  nCLASS(String)
println: <<
  nFUNCTION(#Any#: _String_println)
    nLIST
    nLIST
    nBLOCK
>>
    nLIST
    nBLOCK
>>
