nBLOCK
  nCLASS(Any)
    nLIST
      nIDENTIFIER(#Any#: "deref")
    nBLOCK
  nCLASS(Character)
    nLIST
    nBLOCK
      nFUNCTION(#String#: toString)
        nLIST
        nLIST
        nBLOCK
  nCLASS(Number)
    nLIST
    nBLOCK
  nCLASS(Boolean)
    nLIST
      nIDENTIFIER(#String#: "as_string")
    nBLOCK
  nENUM(Boolean)
    nBLOCK
      nIDENTIFIER(Unknown: "false")
      nIDENTIFIER(Unknown: "true")
  nCLASS(String)
    nLIST
      nIDENTIFIER(#Character#: "random_char")
    nBLOCK
      nFUNCTION(#Any#: println)
        nLIST
          nIDENTIFIER(#Number#: "stream")
          nIDENTIFIER(#Number#: "ilikenumbers")
        nLIST
        nBLOCK
  nFUNCTION(#Any#: allocate)
    nLIST
      nIDENTIFIER(#Number#: "size")
    nLIST
    nBLOCK
  nFUNCTION(#Boolean#: thisisafunction)
    nLIST
      nIDENTIFIER(#Any#: "arg1")
      nIDENTIFIER(#Any#: "arg2")
    nLIST
      nIDENTIFIER(#Any#: "vrbl1")
      nIDENTIFIER(#Number#: "vrbl2")
    nBLOCK
      nBINARYOP(Unknown: ASSIGN)
        nIDENTIFIER(Unknown: "arg1")
        nIDENTIFIER(Unknown: "vrbl1")
      nUNARYOP(Unknown: INCREMENT, right)
        nIDENTIFIER(Unknown: "vrbl2")
      nBINARYOP(Unknown: ADD)
        nIDENTIFIER(Unknown: "vrbl1")
        nNUMBER(#Number#: "1337")
      nBINARYOP(Unknown: DOT)
        nBINARYOP(Unknown: PAREN_OPEN)
          nBINARYOP(Unknown: DOT)
            nBINARYOP(Unknown: PAREN_OPEN)
              nBINARYOP(Unknown: DOT)
                nBINARYOP(Unknown: DOT)
                  nBINARYOP(Unknown: DOT)
                    nIDENTIFIER(Unknown: "true")
                    nIDENTIFIER(Unknown: "as_string")
                  nIDENTIFIER(Unknown: "random_char")
                nIDENTIFIER(Unknown: "toString")
              nCALL
            nIDENTIFIER(Unknown: "println")
          nCALL
            nNUMBER(#Number#: "77")
            nIDENTIFIER(Unknown: "vrbl2")
        nIDENTIFIER(Unknown: "deref")
      nLOOP
        nBLOCK
          nBINARYOP(Unknown: PAREN_OPEN)
            nBINARYOP(Unknown: DOT)
              nSTRING(#String#: "oopsy daisy")
              nIDENTIFIER(Unknown: "println")
            nCALL
              nNUMBER(#Number#: "1")
              nNUMBER(#Number#: "2")
      nRETURN
        nIDENTIFIER(Unknown: "true")
